2025-10-04 17:31:41,628 - AutoUpdateSystem - INFO - 初始化自动化更新系统 - 项目: E:\OneDrive\Documents\GitHub\WaterNet
2025-10-04 17:31:41,629 - AutoUpdateSystem - INFO - 配置: UpdateConfig(update_dependencies=False, update_code=False, run_tests=True, run_performance_tests=True, create_backup=False, dependency_sources=['pip', 'conda'], force_reinstall=False, upgrade_all=False, git_pull=True, git_branch=None, check_uncommitted_changes=True, test_timeout=300, min_test_coverage=0.8, performance_threshold=1.5, backup_count=5, backup_compress=True, notifications_enabled=True, notification_channels=['console', 'file'], parallel_operations=True, rollback_on_failure=True, health_check_enabled=True)
2025-10-04 17:31:41,631 - AutoUpdateSystem - INFO - 开始全方位自动化更新流程
2025-10-04 17:31:41,631 - AutoUpdateSystem - INFO - 执行步骤: pre_check
2025-10-04 17:31:41,723 - AutoUpdateSystem - WARNING - 存在未提交的更改: 73 个文件
2025-10-04 17:31:41,723 - AutoUpdateSystem - INFO - 预检查完成: {'python_version': '3.13.5', 'uncommitted_changes': ['M README.md', ' M examples/basic_usage.py', ' M waternet/__init__.py', ' M waternet/coordination/twinning_harness.py', ' M waternet/models/__init__.py', ' M waternet/models/lumped_models.py', ' M waternet/models/saint_venant.py', ' M waternet/parameter_estimation/estimator.py', ' D waternet/tests/deep_channel_testing/FINAL_REPORT.md', ' D waternet/tests/deep_channel_testing/IMPLEMENTATION_REPORT.md', ' D waternet/tests/deep_channel_testing/__init__.py', ' D waternet/tests/deep_channel_testing/enhanced_models.py', ' D waternet/tests/deep_channel_testing/enhanced_solver.py', ' D waternet/tests/deep_channel_testing/geometry_config.py', ' D waternet/tests/deep_channel_testing/parameter_identification.py', ' D waternet/tests/deep_channel_testing/run_deep_tests.py', ' D waternet/tests/deep_channel_testing/test_case_1.py', ' D waternet/tests/deep_channel_testing/test_cases.py', ' D waternet/tests/deep_channel_testing/test_framework.py', ' D waternet/tests/deep_channel_testing/twin_coordinator.py', ' D waternet/tests/deep_channel_testing/validation_tools.py', ' D waternet/tests/deep_channel_testing/visualization.py', ' D waternet/tests/run_tests.py', ' D waternet/tests/test_hydro_model.py', ' D waternet/tests/test_integration.py', ' D waternet/tests/test_lumped_models.py', ' D waternet/tests/test_saint_venant.py', '?? .coverage', '?? .qoder/quests/code-cleanup-and-organization.md', '?? .qoder/quests/code-structure-optimization.md', '?? .qoder/quests/flow-stage-interval-optimization.md', '?? .qoder/quests/open-channel-model-test-case.md', '?? .qoder/quests/pressurized-pipe-model-development.md', '?? .qoder/quests/sw-shallow-water-simplification.md', '?? COMPREHENSIVE_TEST_REPORT.md', '?? VERIFICATION_REPORT.md', '?? benchmark_results/', '?? configs/', '?? deep_channel_test.log', '?? deep_test_results/', '?? docs/reports/', '?? examples/README.md', '?? examples/advanced/', '?? examples/basic/', '?? examples/configs/', '?? examples/interval_optimization/', '?? examples/outputs/', '?? examples/parameter_estimation.py', '?? examples/quick_start_simplified.py', '?? examples/reduced_order_models_theory/', '?? logs/', '?? pytest.ini', '?? reports/', '?? scripts/', '?? tests/', '?? waternet/config/', '?? waternet/models/accuracy_validator.py', '?? waternet/models/approximation_selector.py', '?? waternet/models/flow_stage_interval_optimizer.py', '?? waternet/models/flow_stage_interval_system.py', '?? waternet/models/idz_linearizer.py', '?? waternet/models/integration_interface.py', '?? waternet/models/interval_manager.py', '?? waternet/models/interval_partitioner.py', '?? waternet/models/muskingum_cunge.py', '?? waternet/models/simplified_saint_venant.py', '?? waternet/models/solvers.py', '?? waternet/utils/accuracy_comparator.py', '?? waternet/utils/font_config.py', '?? waternet/utils/model_factory.py', '?? waternet_test_report.json', '?? "\\344\\272\\224\\344\\270\\252\\345\\214\\272\\351\\227\\264IDZ\\345\\217\\202\\346\\225\\260\\346\\261\\207\\346\\200\\273\\350\\241\\250.txt"', '?? "\\351\\230\\266\\350\\267\\203\\345\\223\\215\\345\\272\\224\\346\\250\\241\\346\\213\\237\\346\\226\\271\\346\\241\\210.json"'], 'free_disk_space_gb': 170}
2025-10-04 17:31:41,724 - AutoUpdateSystem - INFO - 步骤 pre_check 完成，耗时: 0.09秒
2025-10-04 17:31:41,725 - AutoUpdateSystem - INFO - 执行步骤: tests
2025-10-04 17:31:45,335 - AutoUpdateSystem - WARNING - 示例 application_examples.py 执行失败: Traceback (most recent call last):
  File "E:\OneDrive\Documents\GitHub\WaterNet\examples\interval_optimization\application_examples.py", line 40, in <module>
    print("\u2705 WaterNet基础库加载成功")
    ~~~~~^^^^^^^^^^^^^^^^^^^^^^^^^^^^^
UnicodeEncodeError: 'gbk' codec can't encode character '\u2705' in position 0: illegal multibyte sequence

2025-10-04 17:31:48,889 - AutoUpdateSystem - WARNING - 示例 correct_workflow_comparison.py 执行失败: INFO:__main__:\u2705 WaterNet基础库导入成功
Traceback (most recent call last):
  File "E:\OneDrive\Documents\GitHub\WaterNet\examples\interval_optimization\correct_workflow_comparison.py", line 498, in <module>
    success = main()
  File "E:\OneDrive\Documents\GitHub\WaterNet\examples\interval_optimization\correct_workflow_comparison.py", line 435, in main
    print("\U0001f30a 基于正确WaterNet基础库工作流的五个区间IDZ模型验证")
    ~~~~~^^^^^^^^^^^^^^^^^^^^^^^^^^^^^^^^^^^^^^^^^^^^^^^^^^^^^^^^
UnicodeEncodeError: 'gbk' codec can't encode character '\U0001f30a' in position 0: illegal multibyte sequence

2025-10-04 17:31:51,873 - AutoUpdateSystem - WARNING - 优化模块不存在，跳过相关测试
2025-10-04 17:31:51,874 - AutoUpdateSystem - ERROR - 步骤 tests 失败: 基础功能测试失败: 不支持的求解器类型: implicit
2025-10-04 17:31:51,874 - AutoUpdateSystem - ERROR - 更新过程中发生错误: 基础功能测试失败: 不支持的求解器类型: implicit
2025-10-04 17:31:51,939 - AutoUpdateSystem - INFO - 更新报告已保存: E:\OneDrive\Documents\GitHub\WaterNet\reports\update_report_20251004_173151.json
